src/components/TourPlans/CreateTourPlanForm.tsx(2,34): error TS6133: 'Controller' is declared but its value is never read.
src/components/TourPlans/CreateTourPlanForm.tsx(10,53): error TS6133: 'setValue' is declared but its value is never read.
